[0m20:35:38.353233 [debug] [MainThread]: Sending event: {'category': 'dbt', 'action': 'invocation', 'label': 'start', 'context': [<snowplow_tracker.self_describing_json.SelfDescribingJson object at 0x7adb43f30ec0>, <snowplow_tracker.self_describing_json.SelfDescribingJson object at 0x7adb45ecb250>, <snowplow_tracker.self_describing_json.SelfDescribingJson object at 0x7adb4287fb10>]}


============================== 20:35:38.357325 | 0a4ea710-06a8-40bd-a279-6fed8d9e0748 ==============================
[0m20:35:38.357325 [info ] [MainThread]: Running with dbt=1.12.5
[0m20:35:38.358154 [debug] [MainThread]: running dbt with arguments {'debug': 'False', 'target_path': 'None', 'write_json': 'True', 'warn_error': 'None', 'partial_parse': 'True', 'log_format': 'default', 'empty': 'None', 'use_experimental_parser': 'False', 'indirect_selection': 'eager', 'warn_error_options': 'WarnErrorOptionsV2(error=[], warn=[], silence=[])', 'use_colors': 'True', 'profiles_dir': '/home/codespace/.dbt', 'log_cache_events': 'False', 'printer_width': '80', 'log_path': 'logs', 'hints_enabled': 'True', 'static_parser': 'True', 'introspect': 'True', 'cache_selected_only': 'False', 'send_anonymous_usage_stats': 'True', 'version_check': 'True', 'quiet': 'False', 'maximum_seed_size_mib': '1', 'fail_fast': 'False', 'invocation_command': 'dbt init', 'no_print': 'None'}
[0m20:35:45.157787 [debug] [MainThread]: Starter project path: /usr/local/python/3.14.2/lib/python3.14/site-packages/dbt/include/starter_project
[0m20:35:45.167801 [info ] [MainThread]: Setting up your profile.
[0m20:36:46.885859 [info ] [MainThread]: Profile dataeng written to /home/codespace/.dbt/profiles.yml using target's profile_template.yml and your supplied values.
[0m20:36:46.891029 [info ] [MainThread]: Running dbt debug to validate the project...
[0m20:36:46.893225 [info ] [MainThread]: dbt version: 1.12.5
[0m20:36:46.895546 [info ] [MainThread]: python version: 3.14.2
[0m20:36:46.896385 [info ] [MainThread]: python path: /usr/local/python/3.14.2/bin/python3
[0m20:36:46.897305 [info ] [MainThread]: os info: Linux-6.8.0-1064-azure-x86_64-with-glibc2.39
[0m20:36:46.970323 [info ] [MainThread]: Using profiles dir at /home/codespace/.dbt
[0m20:36:46.973329 [info ] [MainThread]: Using profiles.yml file at /home/codespace/.dbt/profiles.yml
[0m20:36:46.974210 [info ] [MainThread]: Using dbt_project.yml file at /workspaces/data-engineering/dataeng/dbt_project.yml
[0m20:36:46.976796 [info ] [MainThread]: adapter type: postgres
[0m20:36:46.977691 [info ] [MainThread]: adapter version: 1.11.0
[0m20:36:47.220318 [info ] [MainThread]: Configuration:
[0m20:36:47.221451 [info ] [MainThread]:   profiles.yml file [[32mOK found and valid[0m]
[0m20:36:47.222247 [info ] [MainThread]:   dbt_project.yml file [[32mOK found and valid[0m]
[0m20:36:47.223151 [info ] [MainThread]: Required dependencies:
[0m20:36:47.224025 [debug] [MainThread]: Executing "git --help"
[0m20:36:47.233507 [debug] [MainThread]: STDOUT: "b"usage: git [-v | --version] [-h | --help] [-C <path>] [-c <name>=<value>]\n           [--exec-path[=<path>]] [--html-path] [--man-path] [--info-path]\n           [-p | --paginate | -P | --no-pager] [--no-replace-objects] [--no-lazy-fetch]\n           [--no-optional-locks] [--no-advice] [--bare] [--git-dir=<path>]\n           [--work-tree=<path>] [--namespace=<name>] [--config-env=<name>=<envvar>]\n           <command> [<args>]\n\nThese are common Git commands used in various situations:\n\nstart a working area (see also: git help tutorial)\n   clone      Clone a repository into a new directory\n   init       Create an empty Git repository or reinitialize an existing one\n\nwork on the current change (see also: git help everyday)\n   add        Add file contents to the index\n   mv         Move or rename a file, a directory, or a symlink\n   restore    Restore working tree files\n   rm         Remove files from the working tree and from the index\n\nexamine the history and state (see also: git help revisions)\n   bisect     Use binary search to find the commit that introduced a bug\n   diff       Show changes between commits, commit and working tree, etc\n   grep       Print lines matching a pattern\n   log        Show commit logs\n   show       Show various types of objects\n   status     Show the working tree status\n\ngrow, mark and tweak your common history\n   backfill   Download missing objects in a partial clone\n   branch     List, create, or delete branches\n   commit     Record changes to the repository\n   history    EXPERIMENTAL: Rewrite history\n   merge      Join two or more development histories together\n   rebase     Reapply commits on top of another base tip\n   reset      Set `HEAD` or the index to a known state\n   switch     Switch branches\n   tag        Create, list, delete or verify tags\n\ncollaborate (see also: git help workflows)\n   fetch      Download objects and refs from another repository\n   pull       Fetch from and integrate with another repository or a local branch\n   push       Update remote refs along with associated objects\n\n'git help -a' and 'git help -g' list available subcommands and some\nconcept guides. See 'git help <command>' or 'git help <concept>'\nto read about a specific subcommand or concept.\nSee 'git help git' for an overview of the system.\n""
[0m20:36:47.234449 [debug] [MainThread]: STDERR: "b''"
[0m20:36:47.235192 [info ] [MainThread]:  - git [[32mOK found[0m]

[0m20:36:47.236136 [info ] [MainThread]: Connection:
[0m20:36:47.236978 [info ] [MainThread]:   host: localhost
[0m20:36:47.238034 [info ] [MainThread]:   port: 5432
[0m20:36:47.239017 [info ] [MainThread]:   user: postgres
[0m20:36:47.239899 [info ] [MainThread]:   database: postgres
[0m20:36:47.240978 [info ] [MainThread]:   schema: public
[0m20:36:47.243159 [info ] [MainThread]:   connect_timeout: 10
[0m20:36:47.244240 [info ] [MainThread]:   role: None
[0m20:36:47.247239 [info ] [MainThread]:   search_path: None
[0m20:36:47.249067 [info ] [MainThread]:   keepalives_idle: 0
[0m20:36:47.250148 [info ] [MainThread]:   sslmode: None
[0m20:36:47.251020 [info ] [MainThread]:   sslcert: None
[0m20:36:47.251822 [info ] [MainThread]:   sslkey: None
[0m20:36:47.252599 [info ] [MainThread]:   sslrootcert: None
[0m20:36:47.255458 [info ] [MainThread]:   application_name: dbt
[0m20:36:47.257806 [info ] [MainThread]:   autocommit: False
[0m20:36:47.260243 [info ] [MainThread]:   retries: 1
[0m20:36:47.261835 [info ] [MainThread]: Registered adapter: postgres=1.11.0
[0m20:36:47.711761 [debug] [MainThread]: Acquiring new postgres connection 'debug'
[0m20:36:47.865779 [debug] [MainThread]: Using postgres connection "debug"
[0m20:36:47.868327 [debug] [MainThread]: On debug: select 1 as id
[0m20:36:47.869514 [debug] [MainThread]: Opening a new connection, currently in state init
[0m20:36:47.920793 [debug] [MainThread]: SQL status: SELECT 1 in 0.051 seconds
[0m20:36:47.929693 [debug] [MainThread]: On debug: Close
[0m20:36:47.934236 [info ] [MainThread]:   Connection test: [[32mOK connection ok[0m]

[0m20:36:47.935522 [info ] [MainThread]: [32mAll checks passed![0m
[0m20:36:47.936893 [info ] [MainThread]: Your new dbt project "dataeng" was created!
Initialized new project in /workspaces/data-engineering/dataeng/dataeng

For more information on how to configure the profiles.yml file,
please consult the dbt documentation here:

  https://docs.getdbt.com/docs/configure-your-profile

One more thing:

Need help? Don't hesitate to reach out to us via GitHub issues or on Slack:

  https://community.getdbt.com/

Happy modeling!

[0m20:36:47.940933 [debug] [MainThread]: Resource report: {"command_name": "init", "command_success": true, "command_wall_clock_time": 69.70691, "process_in_blocks": "6624", "process_kernel_time": 0.438861, "process_mem_max_rss": "148932", "process_out_blocks": "88", "process_user_time": 3.714232}
[0m20:36:47.948872 [debug] [MainThread]: Command `dbt init` succeeded at 20:36:47.948692 after 69.72 seconds
[0m20:36:47.949588 [debug] [MainThread]: Connection 'debug' was properly closed.
[0m20:36:47.950512 [debug] [MainThread]: Sending event: {'category': 'dbt', 'action': 'invocation', 'label': 'end', 'context': [<snowplow_tracker.self_describing_json.SelfDescribingJson object at 0x7adb42a93100>, <snowplow_tracker.self_describing_json.SelfDescribingJson object at 0x7adb41771eb0>, <snowplow_tracker.self_describing_json.SelfDescribingJson object at 0x7adb41ba7570>]}
[0m20:36:47.952132 [debug] [MainThread]: Flushing usage events
[0m20:36:48.884282 [debug] [MainThread]: An error was encountered while trying to flush usage events
